这个是第一个测试文件
